main.c:84:6:Display_Temp_Rh	56	static
main.c:100:6:Display_Soil_Moisture	56	static
main.c:116:6:Display_Rh	40	static
main.c:126:6:poll_SOIL_SENSOR	8	static
main.c:142:5:main	32	static,ignoring_inline_asm
main.c:239:6:SystemClock_Config	120	static
main.c:298:13:MX_ADC1_Init	48	static
main.c:370:13:MX_TIM1_Init	40	static
main.c:417:13:MX_TIM2_Init	40	static
main.c:460:13:MX_DMA_Init	16	static
main.c:478:13:MX_GPIO_Init	56	static
main.c:528:6:HAL_TIM_PeriodElapsedCallback	16	static
main.c:538:6:HAL_ADC_ConvCpltCallback	16	static
main.c:552:6:Error_Handler	4	static,ignoring_inline_asm
