main.c:83:6:Display_Temp_Rh	48	static
main.c:99:6:Display_Soil_Moisture	56	static
main.c:114:6:Display_Rh	40	static
main.c:124:6:poll_SOIL_SENSOR	8	static
main.c:142:5:main	24	static,ignoring_inline_asm
main.c:240:6:SystemClock_Config	120	static
main.c:299:13:MX_ADC1_Init	48	static
main.c:371:13:MX_TIM1_Init	40	static
main.c:418:13:MX_TIM2_Init	40	static
main.c:461:13:MX_DMA_Init	16	static
main.c:479:13:MX_GPIO_Init	48	static
main.c:528:6:HAL_TIM_PeriodElapsedCallback	16	static
main.c:538:6:HAL_ADC_ConvCpltCallback	16	static
main.c:552:6:Error_Handler	4	static,ignoring_inline_asm
