11:15:02 **** Incremental Build of configuration Debug for project NUCLEO_H745_CAPACTIVE_SOIL_MOISTURE_SENSOR_CM7 ****
make -j8 all 
arm-none-eabi-gcc -o "NUCLEO_H745_CAPACTIVE_SOIL_MOISTURE_SENSOR_CM7.elf" @"objects.list"   -mcpu=cortex-m7 -T"C:\Users\Krist\STM32CubeIDE\workspace_1.7.0\NUCLEO_H745_CAPACTIVE_SOIL_MOISTURE_SENSOR\CM7\STM32H745ZITX_FLASH.ld" --specs=nosys.specs -Wl,-Map="NUCLEO_H745_CAPACTIVE_SOIL_MOISTURE_SENSOR_CM7.map" -Wl,--gc-sections -static --specs=nano.specs -mfpu=fpv5-d16 -mfloat-abi=hard -mthumb -u _printf_float -Wl,--start-group -lc -lm -Wl,--end-group
Finished building target: NUCLEO_H745_CAPACTIVE_SOIL_MOISTURE_SENSOR_CM7.elf
 
arm-none-eabi-size   NUCLEO_H745_CAPACTIVE_SOIL_MOISTURE_SENSOR_CM7.elf 
arm-none-eabi-objdump -h -S  NUCLEO_H745_CAPACTIVE_SOIL_MOISTURE_SENSOR_CM7.elf  > "NUCLEO_H745_CAPACTIVE_SOIL_MOISTURE_SENSOR_CM7.list"
arm-none-eabi-objcopy  -O binary  NUCLEO_H745_CAPACTIVE_SOIL_MOISTURE_SENSOR_CM7.elf  "NUCLEO_H745_CAPACTIVE_SOIL_MOISTURE_SENSOR_CM7.bin"
   text	   data	    bss	    dec	    hex	filename
  24844	    488	   1784	  27116	   69ec	NUCLEO_H745_CAPACTIVE_SOIL_MOISTURE_SENSOR_CM7.elf
Finished building: default.size.stdout
 
Finished building: NUCLEO_H745_CAPACTIVE_SOIL_MOISTURE_SENSOR_CM7.bin
 
Finished building: NUCLEO_H745_CAPACTIVE_SOIL_MOISTURE_SENSOR_CM7.list
 

11:15:03 Build Finished. 0 errors, 0 warnings. (took 547ms)

